Archive member included to satisfy reference by file (symbol)

/opt/riscv/riscv32-unknown-elf/lib/libc.a(lib_a-atexit.o)
                              /tmp/cczpF2Ph.o (atexit)
/opt/riscv/riscv32-unknown-elf/lib/libc.a(lib_a-exit.o)
                              /tmp/cczpF2Ph.o (exit)
/opt/riscv/riscv32-unknown-elf/lib/libc.a(lib_a-fini.o)
                              /tmp/cczpF2Ph.o (__libc_fini_array)
/opt/riscv/riscv32-unknown-elf/lib/libc.a(lib_a-impure.o)
                              /opt/riscv/riscv32-unknown-elf/lib/libc.a(lib_a-exit.o) (_global_impure_ptr)
/opt/riscv/riscv32-unknown-elf/lib/libc.a(lib_a-init.o)
                              /tmp/cczpF2Ph.o (__libc_init_array)
/opt/riscv/riscv32-unknown-elf/lib/libc.a(lib_a-memset.o)
                              /tmp/cczpF2Ph.o (memset)
/opt/riscv/riscv32-unknown-elf/lib/libc.a(lib_a-puts.o)
                              /tmp/ccKgSGOz.o (puts)
/opt/riscv/riscv32-unknown-elf/lib/libc.a(lib_a-reent.o)
                              /tmp/cclRZGDt.o (errno)
/opt/riscv/riscv32-unknown-elf/lib/libc.a(lib_a-strlen.o)
                              /opt/riscv/riscv32-unknown-elf/lib/libc.a(lib_a-puts.o) (strlen)
/opt/riscv/riscv32-unknown-elf/lib/libc.a(lib_a-__atexit.o)
                              /opt/riscv/riscv32-unknown-elf/lib/libc.a(lib_a-atexit.o) (__register_exitproc)
/opt/riscv/riscv32-unknown-elf/lib/libc.a(lib_a-__call_atexit.o)
                              /opt/riscv/riscv32-unknown-elf/lib/libc.a(lib_a-exit.o) (__call_exitprocs)
/opt/riscv/riscv32-unknown-elf/lib/libc.a(lib_a-findfp.o)
                              /opt/riscv/riscv32-unknown-elf/lib/libc.a(lib_a-puts.o) (__sinit)
/opt/riscv/riscv32-unknown-elf/lib/libc.a(lib_a-freer.o)
                              /opt/riscv/riscv32-unknown-elf/lib/libc.a(lib_a-reent.o) (_free_r)
/opt/riscv/riscv32-unknown-elf/lib/libc.a(lib_a-fvwrite.o)
                              /opt/riscv/riscv32-unknown-elf/lib/libc.a(lib_a-puts.o) (__sfvwrite_r)
/opt/riscv/riscv32-unknown-elf/lib/libc.a(lib_a-fwalk.o)
                              /opt/riscv/riscv32-unknown-elf/lib/libc.a(lib_a-findfp.o) (_fwalk)
/opt/riscv/riscv32-unknown-elf/lib/libc.a(lib_a-mallocr.o)
                              /opt/riscv/riscv32-unknown-elf/lib/libc.a(lib_a-findfp.o) (_malloc_r)
/opt/riscv/riscv32-unknown-elf/lib/libc.a(lib_a-memchr.o)
                              /opt/riscv/riscv32-unknown-elf/lib/libc.a(lib_a-fvwrite.o) (memchr)
/opt/riscv/riscv32-unknown-elf/lib/libc.a(lib_a-memcpy.o)
                              /opt/riscv/riscv32-unknown-elf/lib/libc.a(lib_a-fvwrite.o) (memcpy)
/opt/riscv/riscv32-unknown-elf/lib/libc.a(lib_a-memmove.o)
                              /opt/riscv/riscv32-unknown-elf/lib/libc.a(lib_a-fvwrite.o) (memmove)
/opt/riscv/riscv32-unknown-elf/lib/libc.a(lib_a-mlock.o)
                              /opt/riscv/riscv32-unknown-elf/lib/libc.a(lib_a-freer.o) (__malloc_lock)
/opt/riscv/riscv32-unknown-elf/lib/libc.a(lib_a-reallocr.o)
                              /opt/riscv/riscv32-unknown-elf/lib/libc.a(lib_a-fvwrite.o) (_realloc_r)
/opt/riscv/riscv32-unknown-elf/lib/libc.a(lib_a-sbrkr.o)
                              /opt/riscv/riscv32-unknown-elf/lib/libc.a(lib_a-freer.o) (_sbrk_r)
/opt/riscv/riscv32-unknown-elf/lib/libc.a(lib_a-stdio.o)
                              /opt/riscv/riscv32-unknown-elf/lib/libc.a(lib_a-findfp.o) (__sread)
/opt/riscv/riscv32-unknown-elf/lib/libc.a(lib_a-writer.o)
                              /opt/riscv/riscv32-unknown-elf/lib/libc.a(lib_a-stdio.o) (_write_r)
/opt/riscv/riscv32-unknown-elf/lib/libc.a(lib_a-wsetup.o)
                              /opt/riscv/riscv32-unknown-elf/lib/libc.a(lib_a-fvwrite.o) (__swsetup_r)
/opt/riscv/riscv32-unknown-elf/lib/libc.a(lib_a-closer.o)
                              /opt/riscv/riscv32-unknown-elf/lib/libc.a(lib_a-stdio.o) (_close_r)
/opt/riscv/riscv32-unknown-elf/lib/libc.a(lib_a-fclose.o)
                              /opt/riscv/riscv32-unknown-elf/lib/libc.a(lib_a-findfp.o) (_fclose_r)
/opt/riscv/riscv32-unknown-elf/lib/libc.a(lib_a-fflush.o)
                              /opt/riscv/riscv32-unknown-elf/lib/libc.a(lib_a-fclose.o) (__sflush_r)
/opt/riscv/riscv32-unknown-elf/lib/libc.a(lib_a-lseekr.o)
                              /opt/riscv/riscv32-unknown-elf/lib/libc.a(lib_a-stdio.o) (_lseek_r)
/opt/riscv/riscv32-unknown-elf/lib/libc.a(lib_a-makebuf.o)
                              /opt/riscv/riscv32-unknown-elf/lib/libc.a(lib_a-wsetup.o) (__smakebuf_r)
/opt/riscv/riscv32-unknown-elf/lib/libc.a(lib_a-readr.o)
                              /opt/riscv/riscv32-unknown-elf/lib/libc.a(lib_a-stdio.o) (_read_r)
/opt/riscv/riscv32-unknown-elf/lib/libc.a(lib_a-fstatr.o)
                              /opt/riscv/riscv32-unknown-elf/lib/libc.a(lib_a-makebuf.o) (_fstat_r)
/opt/riscv/riscv32-unknown-elf/lib/libc.a(lib_a-isattyr.o)
                              /opt/riscv/riscv32-unknown-elf/lib/libc.a(lib_a-makebuf.o) (_isatty_r)

Allocating common symbols
Common symbol       size              file

errno               0x4               /opt/riscv/riscv32-unknown-elf/lib/libc.a(lib_a-reent.o)

Memory Configuration

Name             Origin             Length             Attributes
ram              0x0000000000000000 0x0000000000400000 axrwl
*default*        0x0000000000000000 0xffffffffffffffff

Linker script and memory map

LOAD /tmp/cczpF2Ph.o
LOAD /tmp/ccKYoizn.o
LOAD /tmp/cclRZGDt.o
LOAD /tmp/ccKgSGOz.o
LOAD /tmp/ccl2zJ5F.o
LOAD /tmp/ccu1QOqM.o
LOAD /tmp/ccFMIjPS.o
LOAD /tmp/ccK51ZvZ.o
LOAD /tmp/ccZfPUf6.o
LOAD /tmp/ccmYxcbd.o
LOAD /opt/riscv/riscv32-unknown-elf/lib/libc.a
LOAD /opt/riscv/riscv32-unknown-elf/lib/libm.a
LOAD /opt/riscv/lib/gcc/riscv32-unknown-elf/7.1.1/libgcc.a
                0x0000000000000180                PROVIDE (__boot_address, 0x180)
                0x0000000000001000                __stack_size = DEFINED (__stack_size)?__stack_size:0x1000
                [!provide]                        PROVIDE (__stack_size, __stack_size)
                0x0000000000001000                __heap_size = DEFINED (__heap_size)?__heap_size:0x1000
                [!provide]                        PROVIDE (__executable_start, SEGMENT_START ("text-segment", 0x10000))
                0x0000000000010054                . = (SEGMENT_START ("text-segment", 0x10000) + SIZEOF_HEADERS)

.vectors        0x0000000000000000      0x100
                0x0000000000000000                PROVIDE (__vector_start, .)
 *(.vectors)
 .vectors       0x0000000000000000      0x100 /tmp/ccKgSGOz.o

.init           0x0000000000000180       0x56
 *(SORT(.init))
 *(.text.start)
 .text.start    0x0000000000000180       0x56 /tmp/cczpF2Ph.o
                0x0000000000000180                _start
                0x00000000000001d4                _init
                0x00000000000001d4                _fini

.text           0x00000000000001d6     0x9522
 *(.text.unlikely .text.*_unlikely .text.unlikely.*)
 *(.text.exit .text.exit.*)
 *(.text.startup .text.startup.*)
 .text.startup  0x00000000000001d6       0x1c /tmp/ccKYoizn.o
                0x00000000000001d6                main
 *(.text.hot .text.hot.*)
 *(.text .stub .text.* .gnu.linkonce.t.*)
 .text          0x00000000000001f2        0x0 /tmp/cczpF2Ph.o
 .text          0x00000000000001f2        0xa /tmp/ccKYoizn.o
                0x00000000000001f2                test7
 .text          0x00000000000001fc      0x190 /tmp/cclRZGDt.o
                0x00000000000001fc                unimplemented_syscall
                0x0000000000000214                nanosleep
                0x0000000000000220                _access
                0x000000000000022c                _chdir
                0x0000000000000238                _chmod
                0x0000000000000244                _chown
                0x0000000000000250                close
                0x0000000000000254                _execve
                0x000000000000025e                _exit
                0x000000000000026a                _faccessat
                0x0000000000000276                _fork
                0x0000000000000280                fstat
                0x0000000000000288                _fstatat
                0x0000000000000294                _ftime
                0x00000000000002a0                _getcwd
                0x00000000000002ac                _getpid
                0x00000000000002b0                _gettimeofday
                0x00000000000002bc                isatty
                0x00000000000002c4                _kill
                0x00000000000002ce                _link
                0x00000000000002d8                lseek
                0x00000000000002dc                _lstat
                0x00000000000002e8                _open
                0x00000000000002ec                _openat
                0x00000000000002f8                read
                0x00000000000002fc                _stat
                0x0000000000000304                _sysconf
                0x0000000000000308                _times
                0x000000000000030c                _unlink
                0x0000000000000316                _utime
                0x0000000000000322                _wait
                0x000000000000032c                write
                0x0000000000000352                _brk
                0x000000000000035a                sbrk
 .text          0x000000000000038c        0x0 /tmp/ccKgSGOz.o
 .text.vecs     0x000000000000038c       0x8c /tmp/ccKgSGOz.o
 .text          0x0000000000000418     0x1788 /tmp/ccl2zJ5F.o
                0x0000000000000418                test2
 .text          0x0000000000001ba0      0x4e8 /tmp/ccu1QOqM.o
                0x0000000000001ba0                test4
 .text          0x0000000000002088      0xade /tmp/ccFMIjPS.o
                0x0000000000002088                test3
 .text          0x0000000000002b66     0x2574 /tmp/ccK51ZvZ.o
                0x0000000000002b66                test6
 .text          0x00000000000050da     0x17f8 /tmp/ccZfPUf6.o
                0x00000000000050da                test5
 .text          0x00000000000068d2     0x134a /tmp/ccmYxcbd.o
                0x00000000000068d2                test1
 .text          0x0000000000007c1c        0xa /opt/riscv/riscv32-unknown-elf/lib/libc.a(lib_a-atexit.o)
                0x0000000000007c1c                atexit
 .text          0x0000000000007c26       0x1c /opt/riscv/riscv32-unknown-elf/lib/libc.a(lib_a-exit.o)
                0x0000000000007c26                exit
 .text          0x0000000000007c42       0x48 /opt/riscv/riscv32-unknown-elf/lib/libc.a(lib_a-fini.o)
                0x0000000000007c42                __libc_fini_array
 .text          0x0000000000007c8a        0x0 /opt/riscv/riscv32-unknown-elf/lib/libc.a(lib_a-impure.o)
 .text          0x0000000000007c8a       0x62 /opt/riscv/riscv32-unknown-elf/lib/libc.a(lib_a-init.o)
                0x0000000000007c8a                __libc_init_array
 .text          0x0000000000007cec       0xa8 /opt/riscv/riscv32-unknown-elf/lib/libc.a(lib_a-memset.o)
                0x0000000000007cec                memset
 .text          0x0000000000007d94       0x78 /opt/riscv/riscv32-unknown-elf/lib/libc.a(lib_a-puts.o)
                0x0000000000007d94                _puts_r
                0x0000000000007e04                puts
 .text          0x0000000000007e0c       0xba /opt/riscv/riscv32-unknown-elf/lib/libc.a(lib_a-reent.o)
                0x0000000000007e0c                cleanup_glue
                0x0000000000007e2c                _reclaim_reent
 .text          0x0000000000007ec6       0x12 /opt/riscv/riscv32-unknown-elf/lib/libc.a(lib_a-strlen.o)
                0x0000000000007ec6                strlen
 .text          0x0000000000007ed8       0x60 /opt/riscv/riscv32-unknown-elf/lib/libc.a(lib_a-__atexit.o)
                0x0000000000007ed8                __register_exitproc
 .text          0x0000000000007f38       0xaa /opt/riscv/riscv32-unknown-elf/lib/libc.a(lib_a-__call_atexit.o)
                0x0000000000007f38                __call_exitprocs
 .text          0x0000000000007fe2      0x1d2 /opt/riscv/riscv32-unknown-elf/lib/libc.a(lib_a-findfp.o)
                0x0000000000007fe6                _cleanup_r
                0x000000000000805e                __sfmoreglue
                0x00000000000080a4                _cleanup
                0x00000000000080aa                __sinit
                0x00000000000080f8                __sfp
                0x0000000000008190                __sfp_lock_acquire
                0x0000000000008192                __sfp_lock_release
                0x0000000000008194                __sinit_lock_acquire
                0x0000000000008196                __sinit_lock_release
                0x0000000000008198                __fp_lock_all
                0x00000000000081a6                __fp_unlock_all
 .text          0x00000000000081b4      0x256 /opt/riscv/riscv32-unknown-elf/lib/libc.a(lib_a-freer.o)
                0x00000000000081b4                _malloc_trim_r
                0x000000000000826c                _free_r
 .text          0x000000000000840a      0x2d8 /opt/riscv/riscv32-unknown-elf/lib/libc.a(lib_a-fvwrite.o)
                0x000000000000840a                __sfvwrite_r
 .text          0x00000000000086e2       0xce /opt/riscv/riscv32-unknown-elf/lib/libc.a(lib_a-fwalk.o)
                0x00000000000086e2                _fwalk
                0x0000000000008744                _fwalk_reent
 .text          0x00000000000087b0      0x48c /opt/riscv/riscv32-unknown-elf/lib/libc.a(lib_a-mallocr.o)
                0x00000000000087b0                _malloc_r
 .text          0x0000000000008c3c       0x1a /opt/riscv/riscv32-unknown-elf/lib/libc.a(lib_a-memchr.o)
                0x0000000000008c3c                memchr
 .text          0x0000000000008c56       0xbe /opt/riscv/riscv32-unknown-elf/lib/libc.a(lib_a-memcpy.o)
                0x0000000000008c56                memcpy
 .text          0x0000000000008d14       0x3e /opt/riscv/riscv32-unknown-elf/lib/libc.a(lib_a-memmove.o)
                0x0000000000008d14                memmove
 .text          0x0000000000008d52        0x4 /opt/riscv/riscv32-unknown-elf/lib/libc.a(lib_a-mlock.o)
                0x0000000000008d52                __malloc_lock
                0x0000000000008d54                __malloc_unlock
 .text          0x0000000000008d56      0x38e /opt/riscv/riscv32-unknown-elf/lib/libc.a(lib_a-reallocr.o)
                0x0000000000008d56                _realloc_r
 .text          0x00000000000090e4       0x2c /opt/riscv/riscv32-unknown-elf/lib/libc.a(lib_a-sbrkr.o)
                0x00000000000090e4                _sbrk_r
 .text          0x0000000000009110       0xbe /opt/riscv/riscv32-unknown-elf/lib/libc.a(lib_a-stdio.o)
                0x0000000000009110                __sread
                0x0000000000009140                __seofread
                0x0000000000009144                __swrite
                0x0000000000009192                __sseek
                0x00000000000091c8                __sclose
 .text          0x00000000000091ce       0x30 /opt/riscv/riscv32-unknown-elf/lib/libc.a(lib_a-writer.o)
                0x00000000000091ce                _write_r
 .text          0x00000000000091fe       0xd8 /opt/riscv/riscv32-unknown-elf/lib/libc.a(lib_a-wsetup.o)
                0x00000000000091fe                __swsetup_r
 .text          0x00000000000092d6       0x2c /opt/riscv/riscv32-unknown-elf/lib/libc.a(lib_a-closer.o)
                0x00000000000092d6                _close_r
 .text          0x0000000000009302       0x94 /opt/riscv/riscv32-unknown-elf/lib/libc.a(lib_a-fclose.o)
                0x0000000000009302                _fclose_r
                0x000000000000938e                fclose
 .text          0x0000000000009396      0x1a6 /opt/riscv/riscv32-unknown-elf/lib/libc.a(lib_a-fflush.o)
                0x0000000000009396                __sflush_r
                0x00000000000094f2                _fflush_r
                0x0000000000009522                fflush
 .text          0x000000000000953c       0x30 /opt/riscv/riscv32-unknown-elf/lib/libc.a(lib_a-lseekr.o)
                0x000000000000953c                _lseek_r
 .text          0x000000000000956c      0x102 /opt/riscv/riscv32-unknown-elf/lib/libc.a(lib_a-makebuf.o)
                0x000000000000956c                __swhatbuf_r
                0x00000000000095d0                __smakebuf_r
 .text          0x000000000000966e       0x30 /opt/riscv/riscv32-unknown-elf/lib/libc.a(lib_a-readr.o)
                0x000000000000966e                _read_r
 .text          0x000000000000969e       0x2e /opt/riscv/riscv32-unknown-elf/lib/libc.a(lib_a-fstatr.o)
                0x000000000000969e                _fstat_r
 .text          0x00000000000096cc       0x2c /opt/riscv/riscv32-unknown-elf/lib/libc.a(lib_a-isattyr.o)
                0x00000000000096cc                _isatty_r
 *(.gnu.warning)

.fini
 *(SORT(.fini))
                [!provide]                        PROVIDE (__etext, .)
                [!provide]                        PROVIDE (_etext, .)
                [!provide]                        PROVIDE (etext, .)

.rodata         0x00000000000096f8       0xdc
 *(.rodata .rodata.* .gnu.linkonce.r.*)
 .rodata.str1.4
                0x00000000000096f8       0x23 /tmp/cclRZGDt.o
 .rodata        0x000000000000971b       0xb5 /tmp/ccKgSGOz.o
 .rodata        0x00000000000097d0        0x0 /tmp/ccl2zJ5F.o
 .rodata        0x00000000000097d0        0x0 /tmp/ccu1QOqM.o
 .rodata        0x00000000000097d0        0x0 /tmp/ccFMIjPS.o
 .rodata        0x00000000000097d0        0x0 /tmp/ccK51ZvZ.o
 .rodata        0x00000000000097d0        0x0 /tmp/ccZfPUf6.o
 .rodata        0x00000000000097d0        0x0 /tmp/ccmYxcbd.o
 .rodata.str1.4
                0x00000000000097d0        0x4 /opt/riscv/riscv32-unknown-elf/lib/libc.a(lib_a-puts.o)
                                          0x2 (size before relaxing)

.rela.dyn       0x00000000000097d4        0x0
 .rela.text.start
                0x00000000000097d4        0x0 /tmp/cczpF2Ph.o
 .rela.text.startup
                0x00000000000097d4        0x0 /tmp/cczpF2Ph.o
 .rela.text     0x00000000000097d4        0x0 /tmp/cczpF2Ph.o
 .rela.sdata    0x00000000000097d4        0x0 /tmp/cczpF2Ph.o
 .rela.text.vecs
                0x00000000000097d4        0x0 /tmp/cczpF2Ph.o

.rodata1
 *(.rodata1)

.eh_frame_hdr
 *(.eh_frame_hdr)
 *(.eh_frame_entry .eh_frame_entry.*)

.eh_frame
 *(.eh_frame)
 *(.eh_frame.*)

.gcc_except_table
 *(.gcc_except_table .gcc_except_table.*)

.gnu_extab
 *(.gnu_extab*)
                0x000000000000a7d4                . = DATA_SEGMENT_ALIGN (CONSTANT (MAXPAGESIZE), CONSTANT (COMMONPAGESIZE))

.eh_frame
 *(.eh_frame)
 *(.eh_frame.*)

.gnu_extab
 *(.gnu_extab)

.gcc_except_table
 *(.gcc_except_table .gcc_except_table.*)

.exception_ranges
 *(.exception_ranges .exception_ranges*)

.tdata          0x00000000000097d4        0x0
                [!provide]                        PROVIDE (__tdata_start, .)
 *(.tdata .tdata.* .gnu.linkonce.td.*)

.tbss
 *(.tbss .tbss.* .gnu.linkonce.tb.*)
 *(.tcommon)

.preinit_array  0x00000000000097d4        0x0
                0x00000000000097d4                PROVIDE (__preinit_array_start, .)
 *(.preinit_array)
                0x00000000000097d4                PROVIDE (__preinit_array_end, .)

.init_array     0x00000000000097d4        0x0
                0x00000000000097d4                PROVIDE (__init_array_start, .)
 *(SORT(.init_array.*) SORT(.ctors.*))
 *(.init_array EXCLUDE_FILE(*crtend?.o *crtend.o *crtbegin?.o *crtbegin.o) .ctors)
                0x00000000000097d4                PROVIDE (__init_array_end, .)

.fini_array     0x00000000000097d4        0x0
                0x00000000000097d4                PROVIDE (__fini_array_start, .)
 *(SORT(.fini_array.*) SORT(.dtors.*))
 *(.fini_array EXCLUDE_FILE(*crtend?.o *crtend.o *crtbegin?.o *crtbegin.o) .dtors)
                0x00000000000097d4                PROVIDE (__fini_array_end, .)

.ctors
 *crtbegin.o(.ctors)
 *crtbegin?.o(.ctors)
 *(EXCLUDE_FILE(*crtend?.o *crtend.o) .ctors)
 *(SORT(.ctors.*))
 *(.ctors)

.dtors
 *crtbegin.o(.dtors)
 *crtbegin?.o(.dtors)
 *(EXCLUDE_FILE(*crtend?.o *crtend.o) .dtors)
 *(SORT(.dtors.*))
 *(.dtors)
                0x00000000000097d4                . = DATA_SEGMENT_RELRO_END (., 0x0)

.data           0x00000000000097d8      0x830
                0x00000000000097d8                __DATA_BEGIN__ = .
 *(.data .data.* .gnu.linkonce.d.*)
 .data          0x00000000000097d8        0x0 /tmp/cczpF2Ph.o
 .data          0x00000000000097d8        0x0 /tmp/ccKYoizn.o
 .data          0x00000000000097d8        0x0 /tmp/cclRZGDt.o
 .data          0x00000000000097d8        0x0 /tmp/ccKgSGOz.o
 .data          0x00000000000097d8        0x0 /tmp/ccl2zJ5F.o
 .data          0x00000000000097d8        0x0 /tmp/ccu1QOqM.o
 .data          0x00000000000097d8        0x0 /tmp/ccFMIjPS.o
 .data          0x00000000000097d8        0x0 /tmp/ccK51ZvZ.o
 .data          0x00000000000097d8        0x0 /tmp/ccZfPUf6.o
 .data          0x00000000000097d8        0x0 /tmp/ccmYxcbd.o
 .data          0x00000000000097d8        0x0 /opt/riscv/riscv32-unknown-elf/lib/libc.a(lib_a-atexit.o)
 .data          0x00000000000097d8        0x0 /opt/riscv/riscv32-unknown-elf/lib/libc.a(lib_a-exit.o)
 .data          0x00000000000097d8        0x0 /opt/riscv/riscv32-unknown-elf/lib/libc.a(lib_a-fini.o)
 .data          0x00000000000097d8      0x428 /opt/riscv/riscv32-unknown-elf/lib/libc.a(lib_a-impure.o)
 .data          0x0000000000009c00        0x0 /opt/riscv/riscv32-unknown-elf/lib/libc.a(lib_a-init.o)
 .data          0x0000000000009c00        0x0 /opt/riscv/riscv32-unknown-elf/lib/libc.a(lib_a-memset.o)
 .data          0x0000000000009c00        0x0 /opt/riscv/riscv32-unknown-elf/lib/libc.a(lib_a-puts.o)
 .data          0x0000000000009c00        0x0 /opt/riscv/riscv32-unknown-elf/lib/libc.a(lib_a-reent.o)
 .data          0x0000000000009c00        0x0 /opt/riscv/riscv32-unknown-elf/lib/libc.a(lib_a-strlen.o)
 .data          0x0000000000009c00        0x0 /opt/riscv/riscv32-unknown-elf/lib/libc.a(lib_a-__atexit.o)
 .data          0x0000000000009c00        0x0 /opt/riscv/riscv32-unknown-elf/lib/libc.a(lib_a-__call_atexit.o)
 .data          0x0000000000009c00        0x0 /opt/riscv/riscv32-unknown-elf/lib/libc.a(lib_a-findfp.o)
 .data          0x0000000000009c00        0x0 /opt/riscv/riscv32-unknown-elf/lib/libc.a(lib_a-freer.o)
 .data          0x0000000000009c00        0x0 /opt/riscv/riscv32-unknown-elf/lib/libc.a(lib_a-fvwrite.o)
 .data          0x0000000000009c00        0x0 /opt/riscv/riscv32-unknown-elf/lib/libc.a(lib_a-fwalk.o)
 .data          0x0000000000009c00      0x408 /opt/riscv/riscv32-unknown-elf/lib/libc.a(lib_a-mallocr.o)
                0x0000000000009c00                __malloc_av_
 .data          0x000000000000a008        0x0 /opt/riscv/riscv32-unknown-elf/lib/libc.a(lib_a-memchr.o)
 .data          0x000000000000a008        0x0 /opt/riscv/riscv32-unknown-elf/lib/libc.a(lib_a-memcpy.o)
 .data          0x000000000000a008        0x0 /opt/riscv/riscv32-unknown-elf/lib/libc.a(lib_a-memmove.o)
 .data          0x000000000000a008        0x0 /opt/riscv/riscv32-unknown-elf/lib/libc.a(lib_a-mlock.o)
 .data          0x000000000000a008        0x0 /opt/riscv/riscv32-unknown-elf/lib/libc.a(lib_a-reallocr.o)
 .data          0x000000000000a008        0x0 /opt/riscv/riscv32-unknown-elf/lib/libc.a(lib_a-sbrkr.o)
 .data          0x000000000000a008        0x0 /opt/riscv/riscv32-unknown-elf/lib/libc.a(lib_a-stdio.o)
 .data          0x000000000000a008        0x0 /opt/riscv/riscv32-unknown-elf/lib/libc.a(lib_a-writer.o)
 .data          0x000000000000a008        0x0 /opt/riscv/riscv32-unknown-elf/lib/libc.a(lib_a-wsetup.o)
 .data          0x000000000000a008        0x0 /opt/riscv/riscv32-unknown-elf/lib/libc.a(lib_a-closer.o)
 .data          0x000000000000a008        0x0 /opt/riscv/riscv32-unknown-elf/lib/libc.a(lib_a-fclose.o)
 .data          0x000000000000a008        0x0 /opt/riscv/riscv32-unknown-elf/lib/libc.a(lib_a-fflush.o)
 .data          0x000000000000a008        0x0 /opt/riscv/riscv32-unknown-elf/lib/libc.a(lib_a-lseekr.o)
 .data          0x000000000000a008        0x0 /opt/riscv/riscv32-unknown-elf/lib/libc.a(lib_a-makebuf.o)
 .data          0x000000000000a008        0x0 /opt/riscv/riscv32-unknown-elf/lib/libc.a(lib_a-readr.o)
 .data          0x000000000000a008        0x0 /opt/riscv/riscv32-unknown-elf/lib/libc.a(lib_a-fstatr.o)
 .data          0x000000000000a008        0x0 /opt/riscv/riscv32-unknown-elf/lib/libc.a(lib_a-isattyr.o)

.data1
 *(.data1)

.sdata          0x000000000000a008       0x1c
                0x000000000000a008                __SDATA_BEGIN__ = .
 *(.srodata.cst16)
 *(.srodata.cst8)
 *(.srodata.cst4)
 *(.srodata.cst2)
 *(.srodata .srodata.*)
 *(.sdata .sdata.* .gnu.linkonce.s.*)
 .sdata         0x000000000000a008        0x8 /tmp/ccKYoizn.o
                0x000000000000a008                GOLDEN_SIGNATURES
 .sdata         0x000000000000a010        0x4 /tmp/cclRZGDt.o
 .sdata         0x000000000000a014        0x8 /opt/riscv/riscv32-unknown-elf/lib/libc.a(lib_a-impure.o)
                0x000000000000a014                _global_impure_ptr
                0x000000000000a018                _impure_ptr
 .sdata         0x000000000000a01c        0x8 /opt/riscv/riscv32-unknown-elf/lib/libc.a(lib_a-mallocr.o)
                0x000000000000a01c                __malloc_sbrk_base
                0x000000000000a020                __malloc_trim_threshold
                0x000000000000a024                _edata = .
                [!provide]                        PROVIDE (edata, .)
                0x000000000000a024                . = .
                0x000000000000a024                __bss_start = .

.sbss           0x000000000000a024        0xc
 *(.dynsbss)
 *(.sbss .sbss.* .gnu.linkonce.sb.*)
 .sbss          0x000000000000a024        0xc /opt/riscv/riscv32-unknown-elf/lib/libc.a(lib_a-mallocr.o)
                0x000000000000a024                __malloc_max_total_mem
                0x000000000000a028                __malloc_max_sbrked_mem
                0x000000000000a02c                __malloc_top_pad
 *(.scommon)

.bss            0x000000000000a030       0x2c
 *(.dynbss)
 *(.bss .bss.* .gnu.linkonce.b.*)
 .bss           0x000000000000a030        0x0 /tmp/cczpF2Ph.o
 .bss           0x000000000000a030        0x0 /tmp/ccKYoizn.o
 .bss           0x000000000000a030        0x0 /tmp/cclRZGDt.o
 .bss           0x000000000000a030        0x0 /tmp/ccKgSGOz.o
 .bss           0x000000000000a030        0x0 /tmp/ccl2zJ5F.o
 .bss           0x000000000000a030        0x0 /tmp/ccu1QOqM.o
 .bss           0x000000000000a030        0x0 /tmp/ccFMIjPS.o
 .bss           0x000000000000a030        0x0 /tmp/ccK51ZvZ.o
 .bss           0x000000000000a030        0x0 /tmp/ccZfPUf6.o
 .bss           0x000000000000a030        0x0 /tmp/ccmYxcbd.o
 .bss           0x000000000000a030        0x0 /opt/riscv/riscv32-unknown-elf/lib/libc.a(lib_a-atexit.o)
 .bss           0x000000000000a030        0x0 /opt/riscv/riscv32-unknown-elf/lib/libc.a(lib_a-exit.o)
 .bss           0x000000000000a030        0x0 /opt/riscv/riscv32-unknown-elf/lib/libc.a(lib_a-fini.o)
 .bss           0x000000000000a030        0x0 /opt/riscv/riscv32-unknown-elf/lib/libc.a(lib_a-impure.o)
 .bss           0x000000000000a030        0x0 /opt/riscv/riscv32-unknown-elf/lib/libc.a(lib_a-init.o)
 .bss           0x000000000000a030        0x0 /opt/riscv/riscv32-unknown-elf/lib/libc.a(lib_a-memset.o)
 .bss           0x000000000000a030        0x0 /opt/riscv/riscv32-unknown-elf/lib/libc.a(lib_a-puts.o)
 .bss           0x000000000000a030        0x0 /opt/riscv/riscv32-unknown-elf/lib/libc.a(lib_a-reent.o)
 .bss           0x000000000000a030        0x0 /opt/riscv/riscv32-unknown-elf/lib/libc.a(lib_a-strlen.o)
 .bss           0x000000000000a030        0x0 /opt/riscv/riscv32-unknown-elf/lib/libc.a(lib_a-__atexit.o)
 .bss           0x000000000000a030        0x0 /opt/riscv/riscv32-unknown-elf/lib/libc.a(lib_a-__call_atexit.o)
 .bss           0x000000000000a030        0x0 /opt/riscv/riscv32-unknown-elf/lib/libc.a(lib_a-findfp.o)
 .bss           0x000000000000a030        0x0 /opt/riscv/riscv32-unknown-elf/lib/libc.a(lib_a-freer.o)
 .bss           0x000000000000a030        0x0 /opt/riscv/riscv32-unknown-elf/lib/libc.a(lib_a-fvwrite.o)
 .bss           0x000000000000a030        0x0 /opt/riscv/riscv32-unknown-elf/lib/libc.a(lib_a-fwalk.o)
 .bss           0x000000000000a030       0x28 /opt/riscv/riscv32-unknown-elf/lib/libc.a(lib_a-mallocr.o)
                0x000000000000a030                __malloc_current_mallinfo
 .bss           0x000000000000a058        0x0 /opt/riscv/riscv32-unknown-elf/lib/libc.a(lib_a-memchr.o)
 .bss           0x000000000000a058        0x0 /opt/riscv/riscv32-unknown-elf/lib/libc.a(lib_a-memcpy.o)
 .bss           0x000000000000a058        0x0 /opt/riscv/riscv32-unknown-elf/lib/libc.a(lib_a-memmove.o)
 .bss           0x000000000000a058        0x0 /opt/riscv/riscv32-unknown-elf/lib/libc.a(lib_a-mlock.o)
 .bss           0x000000000000a058        0x0 /opt/riscv/riscv32-unknown-elf/lib/libc.a(lib_a-reallocr.o)
 .bss           0x000000000000a058        0x0 /opt/riscv/riscv32-unknown-elf/lib/libc.a(lib_a-sbrkr.o)
 .bss           0x000000000000a058        0x0 /opt/riscv/riscv32-unknown-elf/lib/libc.a(lib_a-stdio.o)
 .bss           0x000000000000a058        0x0 /opt/riscv/riscv32-unknown-elf/lib/libc.a(lib_a-writer.o)
 .bss           0x000000000000a058        0x0 /opt/riscv/riscv32-unknown-elf/lib/libc.a(lib_a-wsetup.o)
 .bss           0x000000000000a058        0x0 /opt/riscv/riscv32-unknown-elf/lib/libc.a(lib_a-closer.o)
 .bss           0x000000000000a058        0x0 /opt/riscv/riscv32-unknown-elf/lib/libc.a(lib_a-fclose.o)
 .bss           0x000000000000a058        0x0 /opt/riscv/riscv32-unknown-elf/lib/libc.a(lib_a-fflush.o)
 .bss           0x000000000000a058        0x0 /opt/riscv/riscv32-unknown-elf/lib/libc.a(lib_a-lseekr.o)
 .bss           0x000000000000a058        0x0 /opt/riscv/riscv32-unknown-elf/lib/libc.a(lib_a-makebuf.o)
 .bss           0x000000000000a058        0x0 /opt/riscv/riscv32-unknown-elf/lib/libc.a(lib_a-readr.o)
 .bss           0x000000000000a058        0x0 /opt/riscv/riscv32-unknown-elf/lib/libc.a(lib_a-fstatr.o)
 .bss           0x000000000000a058        0x0 /opt/riscv/riscv32-unknown-elf/lib/libc.a(lib_a-isattyr.o)
 *(COMMON)
 COMMON         0x000000000000a058        0x4 /opt/riscv/riscv32-unknown-elf/lib/libc.a(lib_a-reent.o)
                0x000000000000a058                errno
                0x000000000000a05c                . = ALIGN ((. != 0x0)?0x4:0x1)
                0x000000000000a05c                . = ALIGN (0x4)
                0x000000000000a05c                . = SEGMENT_START ("ldata-segment", .)
                0x000000000000a05c                . = ALIGN (0x4)
                0x000000000000a05c                __BSS_END__ = .
                0x000000000000a05c                __bss_end = .
                0x0000000000009fd8                __global_pointer$ = MIN ((__SDATA_BEGIN__ + 0x800), MAX ((__DATA_BEGIN__ + 0x800), (__BSS_END__ - 0x800)))
                0x000000000000a05c                _end = .
                [!provide]                        PROVIDE (end, .)
                0x000000000000a05c                . = DATA_SEGMENT_END (.)

.heap           0x000000000000a05c     0x1000
                0x000000000000a05c                PROVIDE (__heap_start, .)
                0x0000000000001000                . = __heap_size
 *fill*         0x000000000000a05c     0x1000 
                0x000000000000b05c                PROVIDE (__heap_end, .)

.stack          0x000000000000b060     0x1000
                [!provide]                        PROVIDE (__stack_start, .)
                0x0000000000001000                . = __stack_size
 *fill*         0x000000000000b060     0x1000 
                0x000000000000c060                PROVIDE (_sp, .)
                [!provide]                        PROVIDE (__stack_end, .)

.stab
 *(.stab)

.stabstr
 *(.stabstr)

.stab.excl
 *(.stab.excl)

.stab.exclstr
 *(.stab.exclstr)

.stab.index
 *(.stab.index)

.stab.indexstr
 *(.stab.indexstr)

.comment        0x0000000000000000       0x1a
 *(.comment)
 .comment       0x0000000000000000       0x1a /tmp/ccKYoizn.o
                                         0x1b (size before relaxing)
 .comment       0x000000000000001a       0x1b /tmp/cclRZGDt.o
 .comment       0x000000000000001a       0x1b /opt/riscv/riscv32-unknown-elf/lib/libc.a(lib_a-atexit.o)
 .comment       0x000000000000001a       0x1b /opt/riscv/riscv32-unknown-elf/lib/libc.a(lib_a-exit.o)
 .comment       0x000000000000001a       0x1b /opt/riscv/riscv32-unknown-elf/lib/libc.a(lib_a-fini.o)
 .comment       0x000000000000001a       0x1b /opt/riscv/riscv32-unknown-elf/lib/libc.a(lib_a-impure.o)
 .comment       0x000000000000001a       0x1b /opt/riscv/riscv32-unknown-elf/lib/libc.a(lib_a-init.o)
 .comment       0x000000000000001a       0x1b /opt/riscv/riscv32-unknown-elf/lib/libc.a(lib_a-puts.o)
 .comment       0x000000000000001a       0x1b /opt/riscv/riscv32-unknown-elf/lib/libc.a(lib_a-reent.o)
 .comment       0x000000000000001a       0x1b /opt/riscv/riscv32-unknown-elf/lib/libc.a(lib_a-strlen.o)
 .comment       0x000000000000001a       0x1b /opt/riscv/riscv32-unknown-elf/lib/libc.a(lib_a-__atexit.o)
 .comment       0x000000000000001a       0x1b /opt/riscv/riscv32-unknown-elf/lib/libc.a(lib_a-__call_atexit.o)
 .comment       0x000000000000001a       0x1b /opt/riscv/riscv32-unknown-elf/lib/libc.a(lib_a-findfp.o)
 .comment       0x000000000000001a       0x1b /opt/riscv/riscv32-unknown-elf/lib/libc.a(lib_a-freer.o)
 .comment       0x000000000000001a       0x1b /opt/riscv/riscv32-unknown-elf/lib/libc.a(lib_a-fvwrite.o)
 .comment       0x000000000000001a       0x1b /opt/riscv/riscv32-unknown-elf/lib/libc.a(lib_a-fwalk.o)
 .comment       0x000000000000001a       0x1b /opt/riscv/riscv32-unknown-elf/lib/libc.a(lib_a-mallocr.o)
 .comment       0x000000000000001a       0x1b /opt/riscv/riscv32-unknown-elf/lib/libc.a(lib_a-memchr.o)
 .comment       0x000000000000001a       0x1b /opt/riscv/riscv32-unknown-elf/lib/libc.a(lib_a-memcpy.o)
 .comment       0x000000000000001a       0x1b /opt/riscv/riscv32-unknown-elf/lib/libc.a(lib_a-memmove.o)
 .comment       0x000000000000001a       0x1b /opt/riscv/riscv32-unknown-elf/lib/libc.a(lib_a-mlock.o)
 .comment       0x000000000000001a       0x1b /opt/riscv/riscv32-unknown-elf/lib/libc.a(lib_a-reallocr.o)
 .comment       0x000000000000001a       0x1b /opt/riscv/riscv32-unknown-elf/lib/libc.a(lib_a-sbrkr.o)
 .comment       0x000000000000001a       0x1b /opt/riscv/riscv32-unknown-elf/lib/libc.a(lib_a-stdio.o)
 .comment       0x000000000000001a       0x1b /opt/riscv/riscv32-unknown-elf/lib/libc.a(lib_a-writer.o)
 .comment       0x000000000000001a       0x1b /opt/riscv/riscv32-unknown-elf/lib/libc.a(lib_a-wsetup.o)
 .comment       0x000000000000001a       0x1b /opt/riscv/riscv32-unknown-elf/lib/libc.a(lib_a-closer.o)
 .comment       0x000000000000001a       0x1b /opt/riscv/riscv32-unknown-elf/lib/libc.a(lib_a-fclose.o)
 .comment       0x000000000000001a       0x1b /opt/riscv/riscv32-unknown-elf/lib/libc.a(lib_a-fflush.o)
 .comment       0x000000000000001a       0x1b /opt/riscv/riscv32-unknown-elf/lib/libc.a(lib_a-lseekr.o)
 .comment       0x000000000000001a       0x1b /opt/riscv/riscv32-unknown-elf/lib/libc.a(lib_a-makebuf.o)
 .comment       0x000000000000001a       0x1b /opt/riscv/riscv32-unknown-elf/lib/libc.a(lib_a-readr.o)
 .comment       0x000000000000001a       0x1b /opt/riscv/riscv32-unknown-elf/lib/libc.a(lib_a-fstatr.o)
 .comment       0x000000000000001a       0x1b /opt/riscv/riscv32-unknown-elf/lib/libc.a(lib_a-isattyr.o)

.Pulp_Chip.Info
                0x0000000000000000       0x4e
 .Pulp_Chip.Info
                0x0000000000000000       0x4e /tmp/cczpF2Ph.o
 .Pulp_Chip.Info
                0x000000000000004e        0x0 /tmp/ccKYoizn.o
 .Pulp_Chip.Info
                0x000000000000004e        0x0 /tmp/cclRZGDt.o
 .Pulp_Chip.Info
                0x000000000000004e        0x0 /tmp/ccKgSGOz.o
 .Pulp_Chip.Info
                0x000000000000004e        0x0 /tmp/ccl2zJ5F.o
 .Pulp_Chip.Info
                0x000000000000004e        0x0 /tmp/ccu1QOqM.o
 .Pulp_Chip.Info
                0x000000000000004e        0x0 /tmp/ccFMIjPS.o
 .Pulp_Chip.Info
                0x000000000000004e        0x0 /tmp/ccK51ZvZ.o
 .Pulp_Chip.Info
                0x000000000000004e        0x0 /tmp/ccZfPUf6.o
 .Pulp_Chip.Info
                0x000000000000004e        0x0 /tmp/ccmYxcbd.o
 .Pulp_Chip.Info
                0x000000000000004e        0x0 /opt/riscv/riscv32-unknown-elf/lib/libc.a(lib_a-atexit.o)
 .Pulp_Chip.Info
                0x000000000000004e        0x0 /opt/riscv/riscv32-unknown-elf/lib/libc.a(lib_a-exit.o)
 .Pulp_Chip.Info
                0x000000000000004e        0x0 /opt/riscv/riscv32-unknown-elf/lib/libc.a(lib_a-fini.o)
 .Pulp_Chip.Info
                0x000000000000004e        0x0 /opt/riscv/riscv32-unknown-elf/lib/libc.a(lib_a-impure.o)
 .Pulp_Chip.Info
                0x000000000000004e        0x0 /opt/riscv/riscv32-unknown-elf/lib/libc.a(lib_a-init.o)
 .Pulp_Chip.Info
                0x000000000000004e        0x0 /opt/riscv/riscv32-unknown-elf/lib/libc.a(lib_a-memset.o)
 .Pulp_Chip.Info
                0x000000000000004e        0x0 /opt/riscv/riscv32-unknown-elf/lib/libc.a(lib_a-puts.o)
 .Pulp_Chip.Info
                0x000000000000004e        0x0 /opt/riscv/riscv32-unknown-elf/lib/libc.a(lib_a-reent.o)
 .Pulp_Chip.Info
                0x000000000000004e        0x0 /opt/riscv/riscv32-unknown-elf/lib/libc.a(lib_a-strlen.o)
 .Pulp_Chip.Info
                0x000000000000004e        0x0 /opt/riscv/riscv32-unknown-elf/lib/libc.a(lib_a-__atexit.o)
 .Pulp_Chip.Info
                0x000000000000004e        0x0 /opt/riscv/riscv32-unknown-elf/lib/libc.a(lib_a-__call_atexit.o)
 .Pulp_Chip.Info
                0x000000000000004e        0x0 /opt/riscv/riscv32-unknown-elf/lib/libc.a(lib_a-findfp.o)
 .Pulp_Chip.Info
                0x000000000000004e        0x0 /opt/riscv/riscv32-unknown-elf/lib/libc.a(lib_a-freer.o)
 .Pulp_Chip.Info
                0x000000000000004e        0x0 /opt/riscv/riscv32-unknown-elf/lib/libc.a(lib_a-fvwrite.o)
 .Pulp_Chip.Info
                0x000000000000004e        0x0 /opt/riscv/riscv32-unknown-elf/lib/libc.a(lib_a-fwalk.o)
 .Pulp_Chip.Info
                0x000000000000004e        0x0 /opt/riscv/riscv32-unknown-elf/lib/libc.a(lib_a-mallocr.o)
 .Pulp_Chip.Info
                0x000000000000004e        0x0 /opt/riscv/riscv32-unknown-elf/lib/libc.a(lib_a-memchr.o)
 .Pulp_Chip.Info
                0x000000000000004e        0x0 /opt/riscv/riscv32-unknown-elf/lib/libc.a(lib_a-memcpy.o)
 .Pulp_Chip.Info
                0x000000000000004e        0x0 /opt/riscv/riscv32-unknown-elf/lib/libc.a(lib_a-memmove.o)
 .Pulp_Chip.Info
                0x000000000000004e        0x0 /opt/riscv/riscv32-unknown-elf/lib/libc.a(lib_a-mlock.o)
 .Pulp_Chip.Info
                0x000000000000004e        0x0 /opt/riscv/riscv32-unknown-elf/lib/libc.a(lib_a-reallocr.o)
 .Pulp_Chip.Info
                0x000000000000004e        0x0 /opt/riscv/riscv32-unknown-elf/lib/libc.a(lib_a-sbrkr.o)
 .Pulp_Chip.Info
                0x000000000000004e        0x0 /opt/riscv/riscv32-unknown-elf/lib/libc.a(lib_a-stdio.o)
 .Pulp_Chip.Info
                0x000000000000004e        0x0 /opt/riscv/riscv32-unknown-elf/lib/libc.a(lib_a-writer.o)
 .Pulp_Chip.Info
                0x000000000000004e        0x0 /opt/riscv/riscv32-unknown-elf/lib/libc.a(lib_a-wsetup.o)
 .Pulp_Chip.Info
                0x000000000000004e        0x0 /opt/riscv/riscv32-unknown-elf/lib/libc.a(lib_a-closer.o)
 .Pulp_Chip.Info
                0x000000000000004e        0x0 /opt/riscv/riscv32-unknown-elf/lib/libc.a(lib_a-fclose.o)
 .Pulp_Chip.Info
                0x000000000000004e        0x0 /opt/riscv/riscv32-unknown-elf/lib/libc.a(lib_a-fflush.o)
 .Pulp_Chip.Info
                0x000000000000004e        0x0 /opt/riscv/riscv32-unknown-elf/lib/libc.a(lib_a-lseekr.o)
 .Pulp_Chip.Info
                0x000000000000004e        0x0 /opt/riscv/riscv32-unknown-elf/lib/libc.a(lib_a-makebuf.o)
 .Pulp_Chip.Info
                0x000000000000004e        0x0 /opt/riscv/riscv32-unknown-elf/lib/libc.a(lib_a-readr.o)
 .Pulp_Chip.Info
                0x000000000000004e        0x0 /opt/riscv/riscv32-unknown-elf/lib/libc.a(lib_a-fstatr.o)
 .Pulp_Chip.Info
                0x000000000000004e        0x0 /opt/riscv/riscv32-unknown-elf/lib/libc.a(lib_a-isattyr.o)

.debug
 *(.debug)

.line
 *(.line)

.debug_srcinfo
 *(.debug_srcinfo)

.debug_sfnames
 *(.debug_sfnames)

.debug_aranges  0x0000000000000000      0x150
 *(.debug_aranges)
 .debug_aranges
                0x0000000000000000       0x20 /tmp/cczpF2Ph.o
 .debug_aranges
                0x0000000000000020       0x28 /tmp/ccKYoizn.o
 .debug_aranges
                0x0000000000000048       0x20 /tmp/cclRZGDt.o
 .debug_aranges
                0x0000000000000068       0x28 /tmp/ccKgSGOz.o
 .debug_aranges
                0x0000000000000090       0x20 /tmp/ccl2zJ5F.o
 .debug_aranges
                0x00000000000000b0       0x20 /tmp/ccu1QOqM.o
 .debug_aranges
                0x00000000000000d0       0x20 /tmp/ccFMIjPS.o
 .debug_aranges
                0x00000000000000f0       0x20 /tmp/ccK51ZvZ.o
 .debug_aranges
                0x0000000000000110       0x20 /tmp/ccZfPUf6.o
 .debug_aranges
                0x0000000000000130       0x20 /tmp/ccmYxcbd.o

.debug_pubnames
 *(.debug_pubnames)

.debug_info     0x0000000000000000     0x1780
 *(.debug_info .gnu.linkonce.wi.*)
 .debug_info    0x0000000000000000       0x52 /tmp/cczpF2Ph.o
 .debug_info    0x0000000000000052      0x1af /tmp/ccKYoizn.o
 .debug_info    0x0000000000000201     0x1318 /tmp/cclRZGDt.o
 .debug_info    0x0000000000001519       0x51 /tmp/ccKgSGOz.o
 .debug_info    0x000000000000156a       0x59 /tmp/ccl2zJ5F.o
 .debug_info    0x00000000000015c3       0x59 /tmp/ccu1QOqM.o
 .debug_info    0x000000000000161c       0x59 /tmp/ccFMIjPS.o
 .debug_info    0x0000000000001675       0x59 /tmp/ccK51ZvZ.o
 .debug_info    0x00000000000016ce       0x59 /tmp/ccZfPUf6.o
 .debug_info    0x0000000000001727       0x59 /tmp/ccmYxcbd.o

.debug_abbrev   0x0000000000000000      0x4b5
 *(.debug_abbrev)
 .debug_abbrev  0x0000000000000000       0x14 /tmp/cczpF2Ph.o
 .debug_abbrev  0x0000000000000014       0xf5 /tmp/ccKYoizn.o
 .debug_abbrev  0x0000000000000109      0x322 /tmp/cclRZGDt.o
 .debug_abbrev  0x000000000000042b       0x12 /tmp/ccKgSGOz.o
 .debug_abbrev  0x000000000000043d       0x14 /tmp/ccl2zJ5F.o
 .debug_abbrev  0x0000000000000451       0x14 /tmp/ccu1QOqM.o
 .debug_abbrev  0x0000000000000465       0x14 /tmp/ccFMIjPS.o
 .debug_abbrev  0x0000000000000479       0x14 /tmp/ccK51ZvZ.o
 .debug_abbrev  0x000000000000048d       0x14 /tmp/ccZfPUf6.o
 .debug_abbrev  0x00000000000004a1       0x14 /tmp/ccmYxcbd.o

.debug_line     0x0000000000000000     0x82db
 *(.debug_line .debug_line.* .debug_line_end)
 .debug_line    0x0000000000000000       0xa9 /tmp/cczpF2Ph.o
 .debug_line    0x00000000000000a9       0x70 /tmp/ccKYoizn.o
 .debug_line    0x0000000000000119      0x3e9 /tmp/cclRZGDt.o
 .debug_line    0x0000000000000502      0x273 /tmp/ccKgSGOz.o
 .debug_line    0x0000000000000775     0x15f0 /tmp/ccl2zJ5F.o
 .debug_line    0x0000000000001d65      0x4fe /tmp/ccu1QOqM.o
 .debug_line    0x0000000000002263      0xa80 /tmp/ccFMIjPS.o
 .debug_line    0x0000000000002ce3     0x2346 /tmp/ccK51ZvZ.o
 .debug_line    0x0000000000005029     0x1824 /tmp/ccZfPUf6.o
 .debug_line    0x000000000000684d     0x1a8e /tmp/ccmYxcbd.o

.debug_frame    0x0000000000000000      0x27c
 *(.debug_frame)
 .debug_frame   0x0000000000000000       0x4c /tmp/ccKYoizn.o
 .debug_frame   0x000000000000004c      0x230 /tmp/cclRZGDt.o

.debug_str      0x0000000000000000      0x7da
 *(.debug_str)
 .debug_str     0x0000000000000000       0xaa /tmp/ccKYoizn.o
                                         0xb7 (size before relaxing)
 .debug_str     0x00000000000000aa      0x730 /tmp/cclRZGDt.o
                                        0x89e (size before relaxing)

.debug_loc      0x0000000000000000      0x41f
 *(.debug_loc)
 .debug_loc     0x0000000000000000      0x41f /tmp/cclRZGDt.o

.debug_macinfo
 *(.debug_macinfo)

.debug_weaknames
 *(.debug_weaknames)

.debug_funcnames
 *(.debug_funcnames)

.debug_typenames
 *(.debug_typenames)

.debug_varnames
 *(.debug_varnames)

.debug_pubtypes
 *(.debug_pubtypes)

.debug_ranges   0x0000000000000000       0x38
 *(.debug_ranges)
 .debug_ranges  0x0000000000000000       0x18 /tmp/ccKYoizn.o
 .debug_ranges  0x0000000000000018       0x20 /tmp/ccKgSGOz.o

.debug_macro
 *(.debug_macro)

.debug_addr
 *(.debug_addr)

.gnu.attributes
 *(.gnu.attributes)

/DISCARD/
 *(.note.GNU-stack)
 *(.gnu_debuglink)
 *(.gnu.lto_*)
OUTPUT(sbst.elf elf32-littleriscv)
